Sphinx v8.1.3 in Verwendung
Lade Übersetzungen [en]…erledigt
loading pickled environment... The configuration has changed (1 option: 'pygments_dark_style')
erledigt
myst v4.0.1: MdParserConfig(commonmark_only=False, gfm_only=False, enable_extensions=set(), disable_syntax=[], all_links_external=False, links_external_new_tab=False, url_schemes=('http', 'https', 'mailto', 'ftp'), ref_domains=None, fence_as_directive=set(), number_code_blocks=[], title_to_header=False, heading_anchors=0, heading_slug_func=None, html_meta={}, footnote_sort=True, footnote_transition=True, words_per_minute=200, substitutions={}, linkify_fuzzy_links=True, dmath_allow_labels=True, dmath_allow_space=True, dmath_allow_digits=True, dmath_double_inline=False, update_mathjax=True, mathjax_classes='tex2jax_process|mathjax_process|math|output_area', enable_checkboxes=False, suppress_warnings=[], highlight_code_blocks=True)
building [mo]: targets for 0 po files that are out of date
writing output... 
building [html]: targets for 1 source files that are out of date
updating environment: 0 added, 1 changed, 0 removed
reading sources... [100%] api/TransitionListener

looking for now-outdated files... none found
pickling environment... erledigt
checking consistency... /Users/carlotasillo/Dokumente/Research/Projects/TransitionListener_development/docs/source/api/TransitionListener.rst: document is referenced in multiple toctrees: ['api/modules', 'TransitionListener'], selecting: api/modules <- api/TransitionListener
erledigt
preparing documents... erledigt
copying assets... 
copying static files... 
Writing evaluated template result to /Users/carlotasillo/Dokumente/Research/Projects/TransitionListener_development/docs/build/html/_static/basic.css
Writing evaluated template result to /Users/carlotasillo/Dokumente/Research/Projects/TransitionListener_development/docs/build/html/_static/language_data.js
Writing evaluated template result to /Users/carlotasillo/Dokumente/Research/Projects/TransitionListener_development/docs/build/html/_static/documentation_options.js
copying static files: erledigt
copying extra files... 
copying extra files: erledigt
copying assets: erledigt
writing output... [ 25%] TransitionListener
writing output... [ 50%] api/TransitionListener
writing output... [ 75%] api/modules
writing output... [100%] index

generating indices... genindex py-modindex erledigt
writing additional pages... search erledigt
copying images... [100%] _static/TL-logo_large.png

dumping search index in English (code: en)... erledigt
dumping object inventory... erledigt
build succeeded.

The HTML pages are in build/html.
